#-----------------------------------------------------------
# Vivado v2025.2 (64-bit)
# SW Build 6299465 on Fri Nov 14 19:35:11 GMT 2025
# IP Build 6300035 on Fri Nov 14 10:48:45 MST 2025
# SharedData Build 6298862 on Thu Nov 13 04:50:51 MST 2025
# Start of session at: Thu Mar 12 13:55:43 2026
# Process ID         : 21184
# Current directory  : D:/ash/bitnew/CNN_Accelerator_Clean/vivado_workspace
# Command line       : vivado.exe -gui_launcher_event rodinguilauncherevent16404 D:\ash\bitnew\CNN_Accelerator_Clean\vivado_workspace\LeNet_Accelerator.xpr
# Log file           : D:/ash/bitnew/CNN_Accelerator_Clean/vivado_workspace/vivado.log
# Journal file       : D:/ash/bitnew/CNN_Accelerator_Clean/vivado_workspace\vivado.jou
# Running On         : Hari
# Platform           : Windows Server 2016 or Windows 10
# Operating System   : 26200
# Processor Detail   : AMD Ryzen 5 5500U with Radeon Graphics         
# CPU Frequency      : 2096 MHz
# CPU Physical cores : 6
# CPU Logical cores  : 12
# Host memory        : 7866 MB
# Swap memory        : 9126 MB
# Total Virtual      : 16992 MB
# Available Virtual  : 5826 MB
#-----------------------------------------------------------
start_gui
open_project D:/ash/bitnew/CNN_Accelerator_Clean/vivado_workspace/LeNet_Accelerator.xpr
update_compile_order -fileset sources_1
open_bd_design {D:/ash/bitnew/CNN_Accelerator_Clean/vivado_workspace/LeNet_Accelerator.srcs/sources_1/bd/design_1/design_1.bd}
startgroup
create_bd_cell -type ip -vlnv xilinx.com:ip:axi_gpio:2.0 axi_gpio_2
endgroup
set_property location {3 1178 345} [get_bd_cells axi_gpio_2]
apply_bd_automation -rule xilinx.com:bd_rule:board -config { Board_Interface {leds_8bits ( LED ) } Manual_Source {Auto}}  [get_bd_intf_pins axi_gpio_2/GPIO]
validate_bd_design
startgroup
make_bd_pins_external  [get_bd_cells axi_gpio_2]
make_bd_intf_pins_external  [get_bd_cells axi_gpio_2]
endgroup
startgroup
make_bd_pins_external  [get_bd_pins axi_gpio_2/gpio_io_o]
endgroup
delete_bd_objs [get_bd_nets s_axi_aresetn_0_1] [get_bd_nets s_axi_aclk_0_1] [get_bd_intf_nets S_AXI_0_1] [get_bd_nets axi_gpio_2_gpio_io_o] [get_bd_intf_nets axi_gpio_2_GPIO] [get_bd_cells axi_gpio_2]
delete_bd_objs [get_bd_ports s_axi_aresetn_0]
delete_bd_objs [get_bd_ports s_axi_aclk_0]
delete_bd_objs [get_bd_intf_ports S_AXI_0]
delete_bd_objs [get_bd_ports gpio_io_o_0]
delete_bd_objs [get_bd_intf_ports leds_8bits]
startgroup
create_bd_cell -type ip -vlnv xilinx.com:ip:axi_gpio:2.0 axi_gpio_2
endgroup
apply_bd_automation -rule xilinx.com:bd_rule:board -config { Board_Interface {leds_8bits ( LED ) } Manual_Source {Auto}}  [get_bd_intf_pins axi_gpio_2/GPIO]
delete_bd_objs [get_bd_intf_nets axi_gpio_2_GPIO]
delete_bd_objs [get_bd_intf_ports leds_8bits]
set_property location {3 1202 351} [get_bd_cells axi_gpio_2]
startgroup
make_bd_intf_pins_external  [get_bd_intf_pins axi_gpio_2/GPIO]
endgroup
set_property name leds_8bits [get_bd_intf_ports GPIO_0]
apply_bd_automation -rule xilinx.com:bd_rule:axi4 -config { Clk_master {/processing_system7_0/FCLK_CLK0 (50 MHz)} Clk_slave {Auto} Clk_xbar {/processing_system7_0/FCLK_CLK0 (50 MHz)} Master {/processing_system7_0/M_AXI_GP0} Slave {/axi_gpio_2/S_AXI} ddr_seg {Auto} intc_ip {/axi_smc} master_apm {0}}  [get_bd_intf_pins axi_gpio_2/S_AXI]
validate_bd_design
save_bd_design
reset_run synth_1
reset_run design_1_axi_smc_0_synth_1
launch_runs impl_1 -to_step write_bitstream -jobs 6
wait_on_run impl_1
open_run impl_1
write_hw_platform -fixed -include_bit -force -file D:/ash/bitnew/CNN_Accelerator_Clean/vivado_workspace/design_1_wrapper.xsa
